// Jest Snapshot v1, https://goo.gl/fbAQLP

exports[`Spinner component renders correctly 1`] = `
<div
  className="circle-loader"
  data-testid="spinner"
/>
`;
